// Jest Snapshot v1, https://goo.gl/fbAQLP

exports[`<NavLinks /> should match snapshot 1`] = `
.c0 {
  display: -webkit-box;
  display: -webkit-flex;
  display: -ms-flexbox;
  display: flex;
  -webkit-flex-flow: row wrap;
  -ms-flex-flow: row wrap;
  flex-flow: row wrap;
  -webkit-align-items: center;
  -webkit-box-align: center;
  -ms-flex-align: center;
  align-items: center;
}

.c1 {
  display: block;
  -webkit-text-decoration: none;
  text-decoration: none;
  font-size: 2rem;
  padding: 1.6rem;
  color: #ff003c;
  position: relative;
  -webkit-transition: all 200ms ease-in-out;
  transition: all 200ms ease-in-out;
  cursor: pointer;
}

.c1:hover {
  -webkit-transform: scale(1.05);
  -ms-transform: scale(1.05);
  transform: scale(1.05);
}

.c1 svg {
  -webkit-transition: all 200ms ease-in-out;
  transition: all 200ms ease-in-out;
  width: 30px;
  color: #ff003c;
}

.c1 svg:hover {
  -webkit-transform: scale(1.15);
  -ms-transform: scale(1.15);
  transform: scale(1.15);
}

@media (max-width:768px) {
  .c0 {
    -webkit-flex-flow: column wrap;
    -ms-flex-flow: column wrap;
    flex-flow: column wrap;
    -webkit-align-content: center;
    -ms-flex-line-pack: center;
    align-content: center;
  }
}

<nav
  aria-label="Main menu"
  class="c0"
>
  <a
    class="c1"
    target="_self"
  >
    chihuahua
  </a>
  <a
    class="c1"
    target="_self"
  >
    husky
  </a>
  <a
    class="c1"
    target="_self"
  >
    pug
  </a>
  <a
    class="c1"
    target="_self"
  >
    labrador
  </a>
</nav>
`;
