// Jest Snapshot v1, https://goo.gl/fbAQLP

exports[`<ModalOrder /> should render 1`] = `<div />`;
