// Jest Snapshot v1, https://goo.gl/fbAQLP

exports[`<PhotoGrid /> should match snapshot 1`] = `
.c1 {
  display: inline-block;
  margin: 10px;
  cursor: pointer;
  overflow: hidden;
  height: 260px;
  width: 260px;
  border-radius: 5%;
}

.c1 img {
  height: 260px;
  width: 260px;
  -webkit-transition: all 300ms ease-in-out;
  transition: all 300ms ease-in-out;
  object-fit: cover;
}

.c1 img:hover {
  -webkit-transform: scale(1.2) rotate(10deg);
  -ms-transform: scale(1.2) rotate(10deg);
  transform: scale(1.2) rotate(10deg);
}

.c0 {
  display: grid;
  grid-template-columns: repeat(auto-fill,minmax(260px,1fr));
  gap: 0;
}

@media (max-width:440px) {
  .c0 {
    grid-template-columns: 1fr;
  }
}

<div>
  <div
    class="c0"
  >
    <a
      class="c1"
    >
      <img
        src="abc.png"
      />
    </a>
    <a
      class="c1"
    >
      <img
        src="aaa.png"
      />
    </a>
  </div>
</div>
`;
